// Jest Snapshot v1, https://goo.gl/fbAQLP

exports[`returns the expected query for valid parameters 1`] = `"select distinct cph, cph_type from ahbrp.cph where cph like ?"`;
